15:35:20 **** Incremental Build of configuration Debug for project car_sensor_app ****
make all 
make --no-print-directory pre-build
a9-linaro-pre-build-step
' '
make --no-print-directory main-build
'Building file: ../src/main.c'
'Invoking: ARM v7 gcc compiler'
arm-none-eabi-gcc -Wall -O0 -g3 -c -fmessage-length=0 -MT"src/main.o" -mcpu=cortex-a9 -mfpu=vfpv3 -mfloat-abi=hard -IC:/520_lab/FInal_project/software/car_detect_wrapper/export/car_detect_wrapper/sw/car_detect_wrapper/standalone_ps7_cortexa9_0/bspinclude/include -MMD -MP -MF"src/main.d" -MT"src/main.o" -o "src/main.o" "../src/main.c"
'Finished building: ../src/main.c'
' '
'Building target: car_sensor_app.elf'
'Invoking: ARM v7 gcc linker'
arm-none-eabi-gcc -mcpu=cortex-a9 -mfpu=vfpv3 -mfloat-abi=hard -Wl,-build-id=none -specs=Xilinx.spec -Wl,-T -Wl,../src/lscript.ld -LC:/520_lab/FInal_project/software/car_detect_wrapper/export/car_detect_wrapper/sw/car_detect_wrapper/standalone_ps7_cortexa9_0/bsplib/lib -o "car_sensor_app.elf"  ./src/main.o   -Wl,--start-group,-lxil,-lgcc,-lc,--end-group
'Finished building target: car_sensor_app.elf'
' '
'Invoking: ARM v7 Print Size'
arm-none-eabi-size car_sensor_app.elf  |tee "car_sensor_app.elf.size"
   text	   data	    bss	    dec	    hex	filename
  25462	   1160	  22584	  49206	   c036	car_sensor_app.elf
'Finished building: car_sensor_app.elf.size'
' '

15:35:21 Build Finished (took 925ms)

